// Jest Snapshot v1, https://goo.gl/fbAQLP

exports[`AppHeader component Should render correctly 1`] = `
<div class="c-app-header">
  <div class="c-app-header__container">
    <router-link to="/" class="c-app-header__logo-container">
      <planticon-stub alt="" role="presentation" class="c-app-header__logo"></planticon-stub> <span class="c-app-header__logo-text">Water Me</span>
    </router-link>
    <div class="c-app-header__menu">
      <buttonlogout-stub></buttonlogout-stub>
    </div>
  </div>
</div>
`;
