// Jest Snapshot v1, https://goo.gl/fbAQLP

exports[`ErrorList component Should only render an aria-live region when there are no errors 1`] = `
<div aria-live="assertive" class="c-error-list">
  <!---->
</div>
`;

exports[`ErrorList component Should render a list of error message 1`] = `
<div aria-live="assertive" class="c-error-list">
  <ul>
    <li>Error message one</li>
    <li>Error message two</li>
  </ul>
</div>
`;
