// Jest Snapshot v1, https://goo.gl/fbAQLP

exports[`PlantForm component Should render correctly 1`] = `
<form action="">
  <errorlist-stub errors=""></errorlist-stub>
  <div class="c-form-item"><label>
      Name:
      <input type="text" autocomplete="off" data-test="input-plant-name"></label></div>
  <div class="c-form-item"><label>
      Days between watering:
      <input type="number" autocomplete="off" data-test="input-plant-days"></label></div>
  <optionbuttons-stub><button type="submit" data-test="button-add-plant-submit">
      Add Plant
    </button>
    <router-link to="/">
      Cancel
    </router-link>
  </optionbuttons-stub>
</form>
`;
