// Jest Snapshot v1, https://goo.gl/fbAQLP

exports[`PlantForm component Should render correctly when plants have been added 1`] = `
<div class="plant-list">
  <!---->
  <div>
    <p>Select plants to water:</p>
    <form action="">
      <plantcard-stub plant="[object Object]" class="plant-list__plant"></plantcard-stub>
      <plantcard-stub plant="[object Object]" class="plant-list__plant"></plantcard-stub>
      <plantcard-stub plant="[object Object]" class="plant-list__plant"></plantcard-stub> <button type="submit" class="plant-list__water-button">
        Water Selected Plants
      </button>
    </form>
  </div>
  <router-link-stub to="/add-plant" class="plant-list__add-plant button">Add a new plant</router-link-stub>
</div>
`;

exports[`PlantForm component Should render correctly when plants have not been added 1`] = `
<div class="plant-list">
  <p>
    You haven't added any plants yet!
  </p>
  <!---->
  <router-link-stub to="/add-plant" class="plant-list__add-plant button">Add a new plant</router-link-stub>
</div>
`;
